ASxxxx Linker V03.00 + NoICE + sdld,  page 1.
Hexadecimal  [32-Bits]

Area                                    Addr        Size        Decimal Bytes (Attributes)
--------------------------------        ----        ----        ------- ----- ------------
CABS                                00000000    00000000 =           0. bytes (ABS,CON,CODE)

      Value  Global                              Global Defined In Module
      -----  --------------------------------   ------------------------
C:   00000000  l_BIT_BANK                      
C:   00000000  l_BSEG                          
C:   00000000  l_BSEG_BYTES                    
C:   00000000  l_CABS                          
C:   00000000  l_CONST                         
C:   00000000  l_GSINIT                        
C:   00000000  l_GSINIT1                       
C:   00000000  l_GSINIT5                       
C:   00000000  l_IABS                          
C:   00000000  l_ISEG                          
C:   00000000  l_OSEG                          
C:   00000000  l_PSEG                          
C:   00000000  l_REG_BANK_1                    
C:   00000000  l_REG_BANK_2                    
C:   00000000  l_REG_BANK_3                    
C:   00000000  l_RSEG                          
C:   00000000  l_RSEG0                         
C:   00000000  l_RSEG1                         
C:   00000000  l_XABS                          
C:   00000000  l_XINIT                         
C:   00000000  l_XISEG                         
C:   00000000  l_XSEG                          
C:   00000000  l__CODE                         
C:   00000000  s_BSEG                          
C:   00000000  s_CABS                          
C:   00000000  s_DSEG                          
C:   00000000  s_HOME                          
C:   00000000  s_IABS                          
C:   00000000  s_ISEG                          
C:   00000000  s_REG_BANK_0                    
C:   00000000  s_RSEG                          
C:   00000000  s_RSEG0                         
C:   00000000  s_RSEG1                         
C:   00000000  s_XABS                          
C:   00000001  s_PSEG                          
C:   00000001  s_XISEG                         
C:   00000001  s_XSEG                          
C:   00000003  l_GSFINAL                       
C:   00000003  l_GSINIT0                       
C:   00000006  l_HOME                          
C:   00000006  s_GSINIT0                       
C:   00000008  l_REG_BANK_0                    
C:   00000008  s_REG_BANK_1                    
C:   00000008  s_SSEG                          
C:   00000009  s_GSINIT1                       
C:   00000009  s_GSINIT2                       
C:   0000000A  l_GSINIT2                       
C:   00000010  s_REG_BANK_2                    
C:   00000013  s_GSINIT3                       
C:   00000018  s_BIT_BANK                      
ASxxxx Linker V03.00 + NoICE + sdld,  page 2.
Hexadecimal  [32-Bits]

Area                                    Addr        Size        Decimal Bytes (Attributes)
--------------------------------        ----        ----        ------- ----- ------------
CABS                                00000000    00000000 =           0. bytes (ABS,CON,CODE)

      Value  Global                              Global Defined In Module
      -----  --------------------------------   ------------------------
C:   00000018  s_OSEG                          
C:   00000018  s_REG_BANK_3                    
C:   00000020  s_BSEG_BYTES                    
C:   00000020  s__CODE                         
C:   00000022  l_GSINIT3                       
C:   0000002A  l_GSINIT4                       
C:   0000002E  l_CSEG                          
C:   00000035  s_GSINIT4                       
C:   0000005F  s_GSFINAL                       
C:   0000005F  s_GSINIT                        
C:   0000005F  s_GSINIT5                       
C:   00000062  s_CSEG                          
C:   00000080  l_DSEG                          
C:   00000090  s_CONST                         
C:   00000090  s_XINIT                         
C:   000000F8  l_SSEG                          
C:   00000100  l_IRAM                          

ASxxxx Linker V03.00 + NoICE + sdld,  page 3.
Hexadecimal  [32-Bits]

Area                                    Addr        Size        Decimal Bytes (Attributes)
--------------------------------        ----        ----        ------- ----- ------------
.  .ABS.                            00000000    00000000 =           0. bytes (ABS,CON)

      Value  Global                              Global Defined In Module
      -----  --------------------------------   ------------------------
     00000000  .__.ABS.                           _startup
     00000080  _P0                                stc
     00000080  _P0_0                              stc
     00000081  _P0_1                              stc
     00000081  _SP                                stc
     00000082  _DPL                               stc
     00000082  _P0_2                              stc
     00000083  _DPH                               stc
     00000083  _P0_3                              stc
     00000084  _P0_4                              stc
     00000085  _P0_5                              stc
     00000086  _P0_6                              stc
     00000087  _P0_7                              stc
     00000087  _PCON                              stc
     00000088  _IT0                               stc
     00000088  _TCON                              stc
     00000089  _IE0                               stc
     00000089  _TMOD                              stc
     0000008A  _IT1                               stc
     0000008A  _TL0                               stc
     0000008B  _IE1                               stc
     0000008B  _TL1                               stc
     0000008C  _TH0                               stc
     0000008C  _TR0                               stc
     0000008D  _TF0                               stc
     0000008D  _TH1                               stc
     0000008E  _AUXR                              stc
     0000008E  _TR1                               stc
     0000008F  _TF1                               stc
     0000008F  _WAKE_CLKO                         stc
     00000090  _P1                                stc
     00000090  _P1_0                              stc
     00000091  _P1M1                              stc
     00000091  _P1_1                              stc
     00000092  _P1M0                              stc
     00000092  _P1_2                              stc
     00000093  _P0M1                              stc
     00000093  _P1_3                              stc
     00000094  _P0M0                              stc
     00000094  _P1_4                              stc
     00000095  _P1_5                              stc
     00000095  _P2M1                              stc
     00000096  _P1_6                              stc
     00000096  _P2M0                              stc
     00000097  _CLK_DIV                           stc
     00000097  _P1_7                              stc
     00000098  _RI                                stc
     00000098  _SCON                              stc
     00000099  _SBUF                              stc
     00000099  _TI                                stc
ASxxxx Linker V03.00 + NoICE + sdld,  page 4.
Hexadecimal  [32-Bits]

Area                                    Addr        Size        Decimal Bytes (Attributes)
--------------------------------        ----        ----        ------- ----- ------------
.  .ABS.                            00000000    00000000 =           0. bytes (ABS,CON)

      Value  Global                              Global Defined In Module
      -----  --------------------------------   ------------------------
     0000009A  _RB8                               stc
     0000009A  _S2CON                             stc
     0000009B  _S2BUF                             stc
     0000009B  _TB8                               stc
     0000009C  _BRT                               stc
     0000009C  _REN                               stc
     0000009D  _P1ASF                             stc
     0000009D  _SM2                               stc
     0000009E  _SM1                               stc
     0000009F  _SM0                               stc
     000000A0  _P2                                stc
     000000A0  _P2_0                              stc
     000000A0  __XPAGE                            
     000000A1  _BUS_SPEED                         stc
     000000A1  _P2_1                              stc
     000000A2  _AUXR1                             stc
     000000A2  _P2_2                              stc
     000000A3  _P2_3                              stc
     000000A4  _P2_4                              stc
     000000A5  _P2_5                              stc
     000000A6  _P2_6                              stc
     000000A7  _P2_7                              stc
     000000A8  _EX0                               stc
     000000A8  _IE                                stc
     000000A9  _ET0                               stc
     000000A9  _SADDR                             stc
     000000AA  _EX1                               stc
     000000AB  _ET1                               stc
     000000AC  _ES                                stc
     000000AD  _EADC                              stc
     000000AE  _ELVD                              stc
     000000AF  _EA                                stc
     000000AF  _IE2                               stc
     000000B0  _P3                                stc
     000000B0  _P3_0                              stc
     000000B0  _RXD                               stc
     000000B1  _P3M1                              stc
     000000B1  _P3_1                              stc
     000000B1  _TXD                               stc
     000000B2  _INT0                              stc
     000000B2  _P3M0                              stc
     000000B2  _P3_2                              stc
     000000B3  _INT1                              stc
     000000B3  _P3_3                              stc
     000000B3  _P4M1                              stc
     000000B4  _P3_4                              stc
     000000B4  _P4M0                              stc
     000000B4  _T0                                stc
     000000B5  _IP2                               stc
     000000B5  _P3_5                              stc
     000000B5  _T1                                stc
ASxxxx Linker V03.00 + NoICE + sdld,  page 5.
Hexadecimal  [32-Bits]

Area                                    Addr        Size        Decimal Bytes (Attributes)
--------------------------------        ----        ----        ------- ----- ------------
.  .ABS.                            00000000    00000000 =           0. bytes (ABS,CON)

      Value  Global                              Global Defined In Module
      -----  --------------------------------   ------------------------
     000000B6  _IP2H                              stc
     000000B6  _P3_6                              stc
     000000B6  _WR                                stc
     000000B7  _IPH                               stc
     000000B7  _P3_7                              stc
     000000B7  _RD                                stc
     000000B8  _IP                                stc
     000000B8  _PX0                               stc
     000000B9  _PT0                               stc
     000000B9  _SADEN                             stc
     000000BA  _PX1                               stc
     000000BB  _P4SW                              stc
     000000BB  _PT1                               stc
     000000BC  _ADC_CONTR                         stc
     000000BC  _PS                                stc
     000000BD  _ADC_RES                           stc
     000000BD  _PADC                              stc
     000000BE  _ADC_RESL                          stc
     000000BE  _PLVD                              stc
     000000BF  _PPCA                              stc
     000000C0  _P4                                stc
     000000C0  _P4_0                              stc
     000000C1  _P4_1                              stc
     000000C1  _WDT_CONTR                         stc
     000000C2  _IAP_DATA                          stc
     000000C2  _P4_2                              stc
     000000C3  _IAP_ADDRH                         stc
     000000C3  _P4_3                              stc
     000000C4  _IAP_ADDRL                         stc
     000000C4  _P4_4                              stc
     000000C5  _IAP_CMD                           stc
     000000C5  _P4_5                              stc
     000000C6  _IAP_TRIG                          stc
     000000C6  _P4_6                              stc
     000000C7  _IAP_CONTR                         stc
     000000C7  _P4_7                              stc
     000000C8  _P5                                stc
     000000C8  _P5_0                              stc
     000000C9  _P5M1                              stc
     000000C9  _P5_1                              stc
     000000CA  _P5M0                              stc
     000000CA  _P5_2                              stc
     000000CB  _P5_3                              stc
     000000CD  _SPSTAT                            stc
     000000CE  _SPCTL                             stc
     000000CF  _SPDAT                             stc
     000000D0  _P                                 stc
     000000D0  _PSW                               stc
     000000D1  _F1                                stc
     000000D2  _OV                                stc
     000000D3  _RS0                               stc
ASxxxx Linker V03.00 + NoICE + sdld,  page 6.
Hexadecimal  [32-Bits]

Area                                    Addr        Size        Decimal Bytes (Attributes)
--------------------------------        ----        ----        ------- ----- ------------
.  .ABS.                            00000000    00000000 =           0. bytes (ABS,CON)

      Value  Global                              Global Defined In Module
      -----  --------------------------------   ------------------------
     000000D4  _RS1                               stc
     000000D5  _F0                                stc
     000000D6  _AC                                stc
     000000D7  _CY                                stc
     000000D8  _CCF0                              stc
     000000D8  _CCON                              stc
     000000D9  _CCF1                              stc
     000000D9  _CMOD                              stc
     000000DA  _CCAPM0                            stc
     000000DB  _CCAPM1                            stc
     000000DE  _CR                                stc
     000000DF  _CF                                stc
     000000E0  _ACC                               stc
     000000E9  _CL                                stc
     000000EA  _CCAP0L                            stc
     000000EB  _CCAP1L                            stc
     000000F0  _B                                 stc
     000000F2  _PCA_PWM0                          stc
     000000F3  _PCA_PWM1                          stc
     000000F9  _CH                                stc
     000000FA  _CCAP0H                            stc
     000000FB  _CCAP1H                            stc
ASxxxx Linker V03.00 + NoICE + sdld,  page 7.
Hexadecimal  [32-Bits]

Area                                    Addr        Size        Decimal Bytes (Attributes)
--------------------------------        ----        ----        ------- ----- ------------
REG_BANK_0                          00000000    00000008 =           8. bytes (REL,OVR)

      Value  Global                              Global Defined In Module
      -----  --------------------------------   ------------------------
ASxxxx Linker V03.00 + NoICE + sdld,  page 8.
Hexadecimal  [32-Bits]

Area                                    Addr        Size        Decimal Bytes (Attributes)
--------------------------------        ----        ----        ------- ----- ------------
DSEG                                00000000    00000080 =         128. bytes (REL,CON)

      Value  Global                              Global Defined In Module
      -----  --------------------------------   ------------------------
ASxxxx Linker V03.00 + NoICE + sdld,  page 9.
Hexadecimal  [32-Bits]

Area                                    Addr        Size        Decimal Bytes (Attributes)
--------------------------------        ----        ----        ------- ----- ------------
SSEG                                00000008    000000F8 =         248. bytes (REL,OVR)

      Value  Global                              Global Defined In Module
      -----  --------------------------------   ------------------------
     00000008  __start__stack                     stc

ASxxxx Linker V03.00 + NoICE + sdld,  page 10.
Hexadecimal  [32-Bits]

Area                                    Addr        Size        Decimal Bytes (Attributes)
--------------------------------        ----        ----        ------- ----- ------------
HOME                                00000000    00000006 =           6. bytes (REL,CON,CODE)

      Value  Global                              Global Defined In Module
      -----  --------------------------------   ------------------------
C:   00000003  __sdcc_program_startup             stc

ASxxxx Linker V03.00 + NoICE + sdld,  page 11.
Hexadecimal  [32-Bits]

Area                                    Addr        Size        Decimal Bytes (Attributes)
--------------------------------        ----        ----        ------- ----- ------------
GSINIT0                             00000006    00000003 =           3. bytes (REL,CON,CODE)

      Value  Global                              Global Defined In Module
      -----  --------------------------------   ------------------------
C:   00000006  __sdcc_gsinit_startup              

ASxxxx Linker V03.00 + NoICE + sdld,  page 12.
Hexadecimal  [32-Bits]

Area                                    Addr        Size        Decimal Bytes (Attributes)
--------------------------------        ----        ----        ------- ----- ------------
GSINIT2                             00000009    0000000A =          10. bytes (REL,CON,CODE)

      Value  Global                              Global Defined In Module
      -----  --------------------------------   ------------------------
ASxxxx Linker V03.00 + NoICE + sdld,  page 13.
Hexadecimal  [32-Bits]

Area                                    Addr        Size        Decimal Bytes (Attributes)
--------------------------------        ----        ----        ------- ----- ------------
GSINIT3                             00000013    00000022 =          34. bytes (REL,CON,CODE)

      Value  Global                              Global Defined In Module
      -----  --------------------------------   ------------------------
C:   00000013  __mcs51_genXINIT                   

ASxxxx Linker V03.00 + NoICE + sdld,  page 14.
Hexadecimal  [32-Bits]

Area                                    Addr        Size        Decimal Bytes (Attributes)
--------------------------------        ----        ----        ------- ----- ------------
GSINIT4                             00000035    0000002A =          42. bytes (REL,CON,CODE)

      Value  Global                              Global Defined In Module
      -----  --------------------------------   ------------------------
C:   00000035  __mcs51_genRAMCLEAR                
C:   0000003B  __mcs51_genXRAMCLEAR               

ASxxxx Linker V03.00 + NoICE + sdld,  page 15.
Hexadecimal  [32-Bits]

Area                                    Addr        Size        Decimal Bytes (Attributes)
--------------------------------        ----        ----        ------- ----- ------------
GSFINAL                             0000005F    00000003 =           3. bytes (REL,CON,CODE)

      Value  Global                              Global Defined In Module
      -----  --------------------------------   ------------------------
ASxxxx Linker V03.00 + NoICE + sdld,  page 16.
Hexadecimal  [32-Bits]

Area                                    Addr        Size        Decimal Bytes (Attributes)
--------------------------------        ----        ----        ------- ----- ------------
CSEG                                00000062    0000002E =          46. bytes (REL,CON,CODE)

      Value  Global                              Global Defined In Module
      -----  --------------------------------   ------------------------
C:   00000062  _delay                             stc
C:   00000074  _main                              stc
C:   0000008C  __sdcc_external_startup            _startup
ASxxxx Linker V03.00 + NoICE + sdld,  page 17.

Files Linked                              [ module(s) ]

stc.rel                                   [  ]


Libraries Linked                          [ object file ]

/usr/bin/../share/sdcc/lib/small/mcs51.lib
                                          [ crtclear.rel ]
/usr/bin/../share/sdcc/lib/small/mcs51.lib
                                          [ crtxinit.rel ]
/usr/bin/../share/sdcc/lib/small/mcs51.lib
                                          [ crtxclear.rel ]
/usr/bin/../share/sdcc/lib/small/mcs51.lib
                                          [ crtpagesfr.rel ]
/usr/bin/../share/sdcc/lib/small/mcs51.lib
                                          [ crtstart.rel ]
/usr/bin/../share/sdcc/lib/small/libsdcc.lib
                                          [ _startup.rel ]

ASxxxx Linker V03.00 + NoICE + sdld,  page 18.

User Base Address Definitions

HOME = 0x0000
XSEG = 0x0001
PSEG = 0x0001
ISEG = 0x0000
BSEG = 0x0000

