ASxxxx Linker V03.00 + NoICE + sdld,  page 1.
Hexadecimal  [32-Bits]

Area                                    Addr        Size        Decimal Bytes (Attributes)
--------------------------------        ----        ----        ------- ----- ------------
CABS                                00000000    00000000 =           0. bytes (ABS,CON,CODE)

      Value  Global                              Global Defined In Module
      -----  --------------------------------   ------------------------
C:   00000000  l_BIT_BANK                      
C:   00000000  l_CABS                          
C:   00000000  l_CONST                         
C:   00000000  l_GSINIT1                       
C:   00000000  l_GSINIT3                       
C:   00000000  l_GSINIT5                       
C:   00000000  l_IABS                          
C:   00000000  l_ISEG                          
C:   00000000  l_OSEG                          
C:   00000000  l_PSEG                          
C:   00000000  l_REG_BANK_2                    
C:   00000000  l_REG_BANK_3                    
C:   00000000  l_RSEG                          
C:   00000000  l_RSEG0                         
C:   00000000  l_RSEG1                         
C:   00000000  l_XABS                          
C:   00000000  l_XINIT                         
C:   00000000  l_XISEG                         
C:   00000000  l_XSEG                          
C:   00000000  l__CODE                         
C:   00000000  s_BSEG                          
C:   00000000  s_CABS                          
C:   00000000  s_DSEG                          
C:   00000000  s_HOME                          
C:   00000000  s_IABS                          
C:   00000000  s_ISEG                          
C:   00000000  s_REG_BANK_0                    
C:   00000000  s_RSEG                          
C:   00000000  s_RSEG0                         
C:   00000000  s_RSEG1                         
C:   00000000  s_XABS                          
C:   00000001  l_BSEG_BYTES                    
C:   00000001  s_PSEG                          
C:   00000001  s_XISEG                         
C:   00000001  s_XSEG                          
C:   00000003  l_GSFINAL                       
C:   00000003  l_GSINIT0                       
C:   00000004  l_BSEG                          
C:   00000006  l_GSINIT4                       
C:   00000008  l_GSINIT                        
C:   00000008  l_REG_BANK_0                    
C:   00000008  l_REG_BANK_1                    
C:   00000008  s_REG_BANK_1                    
C:   0000000A  l_GSINIT2                       
C:   00000010  s_REG_BANK_2                    
C:   00000011  l_HOME                          
C:   00000011  s_GSINIT0                       
C:   00000014  s_GSINIT1                       
C:   00000014  s_GSINIT2                       
C:   00000018  s_BIT_BANK                      
ASxxxx Linker V03.00 + NoICE + sdld,  page 2.
Hexadecimal  [32-Bits]

Area                                    Addr        Size        Decimal Bytes (Attributes)
--------------------------------        ----        ----        ------- ----- ------------
CABS                                00000000    00000000 =           0. bytes (ABS,CON,CODE)

      Value  Global                              Global Defined In Module
      -----  --------------------------------   ------------------------
C:   00000018  s_OSEG                          
C:   00000018  s_REG_BANK_3                    
C:   0000001E  s_GSINIT3                       
C:   0000001E  s_GSINIT4                       
C:   00000020  s_BSEG_BYTES                    
C:   00000020  s__CODE                         
C:   00000021  s_SSEG                          
C:   00000024  s_GSINIT                        
C:   00000024  s_GSINIT5                       
C:   0000002C  s_GSFINAL                       
C:   0000002F  s_CSEG                          
C:   0000005F  l_SSEG                          
C:   00000072  l_DSEG                          
C:   00000080  l_IRAM                          
C:   00000215  l_CSEG                          
C:   00000244  s_CONST                         
C:   00000244  s_XINIT                         

ASxxxx Linker V03.00 + NoICE + sdld,  page 3.
Hexadecimal  [32-Bits]

Area                                    Addr        Size        Decimal Bytes (Attributes)
--------------------------------        ----        ----        ------- ----- ------------
.  .ABS.                            00000000    00000000 =           0. bytes (ABS,CON)

      Value  Global                              Global Defined In Module
      -----  --------------------------------   ------------------------
     00000000  .__.ABS.                           _startup
     00000080  _P0                                huxi
     00000080  _P0_0                              huxi
     00000081  _P0_1                              huxi
     00000081  _SP                                huxi
     00000082  _DPL                               huxi
     00000082  _P0_2                              huxi
     00000083  _DPH                               huxi
     00000083  _P0_3                              huxi
     00000084  _P0_4                              huxi
     00000085  _P0_5                              huxi
     00000086  _P0_6                              huxi
     00000087  _P0_7                              huxi
     00000087  _PCON                              huxi
     00000088  _IT0                               huxi
     00000088  _TCON                              huxi
     00000089  _IE0                               huxi
     00000089  _TMOD                              huxi
     0000008A  _IT1                               huxi
     0000008A  _TL0                               huxi
     0000008B  _IE1                               huxi
     0000008B  _TL1                               huxi
     0000008C  _TH0                               huxi
     0000008C  _TR0                               huxi
     0000008D  _TF0                               huxi
     0000008D  _TH1                               huxi
     0000008E  _AUXR                              huxi
     0000008E  _TR1                               huxi
     0000008F  _TF1                               huxi
     0000008F  _WAKE_CLKO                         huxi
     00000090  _P1                                huxi
     00000090  _P1_0                              huxi
     00000091  _P1M1                              huxi
     00000091  _P1_1                              huxi
     00000092  _P1M0                              huxi
     00000092  _P1_2                              huxi
     00000093  _P0M1                              huxi
     00000093  _P1_3                              huxi
     00000094  _P0M0                              huxi
     00000094  _P1_4                              huxi
     00000095  _P1_5                              huxi
     00000095  _P2M1                              huxi
     00000096  _P1_6                              huxi
     00000096  _P2M0                              huxi
     00000097  _CLK_DIV                           huxi
     00000097  _P1_7                              huxi
     00000098  _RI                                huxi
     00000098  _SCON                              huxi
     00000099  _SBUF                              huxi
     00000099  _TI                                huxi
ASxxxx Linker V03.00 + NoICE + sdld,  page 4.
Hexadecimal  [32-Bits]

Area                                    Addr        Size        Decimal Bytes (Attributes)
--------------------------------        ----        ----        ------- ----- ------------
.  .ABS.                            00000000    00000000 =           0. bytes (ABS,CON)

      Value  Global                              Global Defined In Module
      -----  --------------------------------   ------------------------
     0000009A  _RB8                               huxi
     0000009A  _S2CON                             huxi
     0000009B  _S2BUF                             huxi
     0000009B  _TB8                               huxi
     0000009C  _BRT                               huxi
     0000009C  _REN                               huxi
     0000009D  _P1ASF                             huxi
     0000009D  _SM2                               huxi
     0000009E  _SM1                               huxi
     0000009F  _SM0                               huxi
     000000A0  _P2                                huxi
     000000A0  _P2_0                              huxi
     000000A1  _BUS_SPEED                         huxi
     000000A1  _P2_1                              huxi
     000000A2  _AUXR1                             huxi
     000000A2  _P2_2                              huxi
     000000A3  _P2_3                              huxi
     000000A4  _P2_4                              huxi
     000000A5  _P2_5                              huxi
     000000A6  _P2_6                              huxi
     000000A7  _P2_7                              huxi
     000000A8  _EX0                               huxi
     000000A8  _IE                                huxi
     000000A9  _ET0                               huxi
     000000A9  _SADDR                             huxi
     000000AA  _EX1                               huxi
     000000AB  _ET1                               huxi
     000000AC  _ES                                huxi
     000000AD  _EADC                              huxi
     000000AE  _ELVD                              huxi
     000000AF  _EA                                huxi
     000000AF  _IE2                               huxi
     000000B0  _P3                                huxi
     000000B0  _P3_0                              huxi
     000000B0  _RXD                               huxi
     000000B1  _P3M1                              huxi
     000000B1  _P3_1                              huxi
     000000B1  _TXD                               huxi
     000000B2  _INT0                              huxi
     000000B2  _P3M0                              huxi
     000000B2  _P3_2                              huxi
     000000B3  _INT1                              huxi
     000000B3  _P3_3                              huxi
     000000B3  _P4M1                              huxi
     000000B4  _P3_4                              huxi
     000000B4  _P4M0                              huxi
     000000B4  _T0                                huxi
     000000B5  _IP2                               huxi
     000000B5  _P3_5                              huxi
     000000B5  _T1                                huxi
     000000B6  _IP2H                              huxi
ASxxxx Linker V03.00 + NoICE + sdld,  page 5.
Hexadecimal  [32-Bits]

Area                                    Addr        Size        Decimal Bytes (Attributes)
--------------------------------        ----        ----        ------- ----- ------------
.  .ABS.                            00000000    00000000 =           0. bytes (ABS,CON)

      Value  Global                              Global Defined In Module
      -----  --------------------------------   ------------------------
     000000B6  _P3_6                              huxi
     000000B6  _WR                                huxi
     000000B7  _IPH                               huxi
     000000B7  _P3_7                              huxi
     000000B7  _RD                                huxi
     000000B8  _IP                                huxi
     000000B8  _PX0                               huxi
     000000B9  _PT0                               huxi
     000000B9  _SADEN                             huxi
     000000BA  _PX1                               huxi
     000000BB  _P4SW                              huxi
     000000BB  _PT1                               huxi
     000000BC  _ADC_CONTR                         huxi
     000000BC  _PS                                huxi
     000000BD  _ADC_RES                           huxi
     000000BD  _PADC                              huxi
     000000BE  _ADC_RESL                          huxi
     000000BE  _PLVD                              huxi
     000000BF  _PPCA                              huxi
     000000C0  _P4                                huxi
     000000C0  _P4_0                              huxi
     000000C1  _P4_1                              huxi
     000000C1  _WDT_CONTR                         huxi
     000000C2  _IAP_DATA                          huxi
     000000C2  _P4_2                              huxi
     000000C3  _IAP_ADDRH                         huxi
     000000C3  _P4_3                              huxi
     000000C4  _IAP_ADDRL                         huxi
     000000C4  _P4_4                              huxi
     000000C5  _IAP_CMD                           huxi
     000000C5  _P4_5                              huxi
     000000C6  _IAP_TRIG                          huxi
     000000C6  _P4_6                              huxi
     000000C7  _IAP_CONTR                         huxi
     000000C7  _P4_7                              huxi
     000000C8  _P5                                huxi
     000000C8  _P5_0                              huxi
     000000C9  _P5M1                              huxi
     000000C9  _P5_1                              huxi
     000000CA  _P5M0                              huxi
     000000CA  _P5_2                              huxi
     000000CB  _P5_3                              huxi
     000000CD  _SPSTAT                            huxi
     000000CE  _SPCTL                             huxi
     000000CF  _SPDAT                             huxi
     000000D0  _P                                 huxi
     000000D0  _PSW                               huxi
     000000D1  _F1                                huxi
     000000D2  _OV                                huxi
     000000D3  _RS0                               huxi
     000000D4  _RS1                               huxi
ASxxxx Linker V03.00 + NoICE + sdld,  page 6.
Hexadecimal  [32-Bits]

Area                                    Addr        Size        Decimal Bytes (Attributes)
--------------------------------        ----        ----        ------- ----- ------------
.  .ABS.                            00000000    00000000 =           0. bytes (ABS,CON)

      Value  Global                              Global Defined In Module
      -----  --------------------------------   ------------------------
     000000D5  _F0                                huxi
     000000D6  _AC                                huxi
     000000D7  _CY                                huxi
     000000D8  _CCF0                              huxi
     000000D8  _CCON                              huxi
     000000D9  _CCF1                              huxi
     000000D9  _CMOD                              huxi
     000000DA  _CCAPM0                            huxi
     000000DB  _CCAPM1                            huxi
     000000DE  _CR                                huxi
     000000DF  _CF                                huxi
     000000E0  _ACC                               huxi
     000000E9  _CL                                huxi
     000000EA  _CCAP0L                            huxi
     000000EB  _CCAP1L                            huxi
     000000F0  _B                                 huxi
     000000F2  _PCA_PWM0                          huxi
     000000F3  _PCA_PWM1                          huxi
     000000F9  _CH                                huxi
     000000FA  _CCAP0H                            huxi
     000000FB  _CCAP1H                            huxi

ASxxxx Linker V03.00 + NoICE + sdld,  page 7.
Hexadecimal  [32-Bits]

Area                                    Addr        Size        Decimal Bytes (Attributes)
--------------------------------        ----        ----        ------- ----- ------------
BSEG_BYTES                          00000020    00000001 =           1. bytes (REL,CON)

      Value  Global                              Global Defined In Module
      -----  --------------------------------   ------------------------
ASxxxx Linker V03.00 + NoICE + sdld,  page 8.
Hexadecimal  [32-Bits]

Area                                    Addr        Size        Decimal Bytes (Attributes)
--------------------------------        ----        ----        ------- ----- ------------
REG_BANK_0                          00000000    00000008 =           8. bytes (REL,OVR)

      Value  Global                              Global Defined In Module
      -----  --------------------------------   ------------------------
ASxxxx Linker V03.00 + NoICE + sdld,  page 9.
Hexadecimal  [32-Bits]

Area                                    Addr        Size        Decimal Bytes (Attributes)
--------------------------------        ----        ----        ------- ----- ------------
REG_BANK_1                          00000008    00000008 =           8. bytes (REL,OVR)

      Value  Global                              Global Defined In Module
      -----  --------------------------------   ------------------------
ASxxxx Linker V03.00 + NoICE + sdld,  page 10.
Hexadecimal  [32-Bits]

Area                                    Addr        Size        Decimal Bytes (Attributes)
--------------------------------        ----        ----        ------- ----- ------------
DSEG                                00000000    00000072 =         114. bytes (REL,CON)

      Value  Global                              Global Defined In Module
      -----  --------------------------------   ------------------------
     00000010  _Time_50ms                         huxi
     00000011  _Time_3ms                          huxi

ASxxxx Linker V03.00 + NoICE + sdld,  page 11.
Hexadecimal  [32-Bits]

Area                                    Addr        Size        Decimal Bytes (Attributes)
--------------------------------        ----        ----        ------- ----- ------------
SSEG                                00000021    0000005F =          95. bytes (REL,OVR)

      Value  Global                              Global Defined In Module
      -----  --------------------------------   ------------------------
     00000021  __start__stack                     huxi

ASxxxx Linker V03.00 + NoICE + sdld,  page 12.
Hexadecimal  [32-Bits]

Area                                    Addr        Size        Decimal Bytes (Attributes)
--------------------------------        ----        ----        ------- ----- ------------
HOME                                00000000    00000011 =          17. bytes (REL,CON,CODE)

      Value  Global                              Global Defined In Module
      -----  --------------------------------   ------------------------
C:   0000000E  __sdcc_program_startup             huxi

ASxxxx Linker V03.00 + NoICE + sdld,  page 13.
Hexadecimal  [32-Bits]

Area                                    Addr        Size        Decimal Bytes (Attributes)
--------------------------------        ----        ----        ------- ----- ------------
GSINIT0                             00000011    00000003 =           3. bytes (REL,CON,CODE)

      Value  Global                              Global Defined In Module
      -----  --------------------------------   ------------------------
C:   00000011  __sdcc_gsinit_startup              

ASxxxx Linker V03.00 + NoICE + sdld,  page 14.
Hexadecimal  [32-Bits]

Area                                    Addr        Size        Decimal Bytes (Attributes)
--------------------------------        ----        ----        ------- ----- ------------
GSINIT2                             00000014    0000000A =          10. bytes (REL,CON,CODE)

      Value  Global                              Global Defined In Module
      -----  --------------------------------   ------------------------
ASxxxx Linker V03.00 + NoICE + sdld,  page 15.
Hexadecimal  [32-Bits]

Area                                    Addr        Size        Decimal Bytes (Attributes)
--------------------------------        ----        ----        ------- ----- ------------
GSINIT4                             0000001E    00000006 =           6. bytes (REL,CON,CODE)

      Value  Global                              Global Defined In Module
      -----  --------------------------------   ------------------------
C:   0000001E  __mcs51_genRAMCLEAR                

ASxxxx Linker V03.00 + NoICE + sdld,  page 16.
Hexadecimal  [32-Bits]

Area                                    Addr        Size        Decimal Bytes (Attributes)
--------------------------------        ----        ----        ------- ----- ------------
GSINIT                              00000024    00000008 =           8. bytes (REL,CON,CODE)

      Value  Global                              Global Defined In Module
      -----  --------------------------------   ------------------------
ASxxxx Linker V03.00 + NoICE + sdld,  page 17.
Hexadecimal  [32-Bits]

Area                                    Addr        Size        Decimal Bytes (Attributes)
--------------------------------        ----        ----        ------- ----- ------------
GSFINAL                             0000002C    00000003 =           3. bytes (REL,CON,CODE)

      Value  Global                              Global Defined In Module
      -----  --------------------------------   ------------------------
ASxxxx Linker V03.00 + NoICE + sdld,  page 18.
Hexadecimal  [32-Bits]

Area                                    Addr        Size        Decimal Bytes (Attributes)
--------------------------------        ----        ----        ------- ----- ------------
CSEG                                0000002F    00000215 =         533. bytes (REL,CON,CODE)

      Value  Global                              Global Defined In Module
      -----  --------------------------------   ------------------------
C:   0000002F  _Init                              huxi
C:   0000003F  _timer0                            huxi
C:   000000BF  _pwm                               huxi
C:   000000D1  _main                              huxi
C:   00000240  __sdcc_external_startup            _startup

ASxxxx Linker V03.00 + NoICE + sdld,  page 19.

Files Linked                              [ module(s) ]

huxi.rel                                  [  ]


Libraries Linked                          [ object file ]

/usr/bin/../share/sdcc/lib/small/mcs51.lib
                                          [ crtclear.rel ]
/usr/bin/../share/sdcc/lib/small/mcs51.lib
                                          [ crtstart.rel ]
/usr/bin/../share/sdcc/lib/small/libsdcc.lib
                                          [ _startup.rel ]

ASxxxx Linker V03.00 + NoICE + sdld,  page 20.

User Base Address Definitions

HOME = 0x0000
XSEG = 0x0001
PSEG = 0x0001
ISEG = 0x0000
BSEG = 0x0000

