ASxxxx Linker V03.00 + NoICE + sdld,  page 1.
Hexadecimal  [32-Bits]

Area                                    Addr        Size        Decimal Bytes (Attributes)
--------------------------------        ----        ----        ------- ----- ------------
CABS                                00000000    00000000 =           0. bytes (ABS,CON,CODE)

      Value  Global                              Global Defined In Module
      -----  --------------------------------   ------------------------
C:   00000000  l_BIT_BANK                      
C:   00000000  l_BSEG                          
C:   00000000  l_BSEG_BYTES                    
C:   00000000  l_CABS                          
C:   00000000  l_CONST                         
C:   00000000  l_GSINIT                        
C:   00000000  l_GSINIT1                       
C:   00000000  l_GSINIT5                       
C:   00000000  l_IABS                          
C:   00000000  l_ISEG                          
C:   00000000  l_OSEG                          
C:   00000000  l_PSEG                          
C:   00000000  l_REG_BANK_1                    
C:   00000000  l_REG_BANK_2                    
C:   00000000  l_REG_BANK_3                    
C:   00000000  l_RSEG                          
C:   00000000  l_RSEG0                         
C:   00000000  l_RSEG1                         
C:   00000000  l_XABS                          
C:   00000000  l_XINIT                         
C:   00000000  l_XISEG                         
C:   00000000  l_XSEG                          
C:   00000000  l__CODE                         
C:   00000000  s_BSEG                          
C:   00000000  s_CABS                          
C:   00000000  s_DSEG                          
C:   00000000  s_HOME                          
C:   00000000  s_IABS                          
C:   00000000  s_ISEG                          
C:   00000000  s_REG_BANK_0                    
C:   00000000  s_RSEG                          
C:   00000000  s_RSEG0                         
C:   00000000  s_RSEG1                         
C:   00000000  s_XABS                          
C:   00000001  s_PSEG                          
C:   00000001  s_XISEG                         
C:   00000001  s_XSEG                          
C:   00000003  l_GSFINAL                       
C:   00000003  l_GSINIT0                       
C:   00000006  l_HOME                          
C:   00000006  s_GSINIT0                       
C:   00000008  l_REG_BANK_0                    
C:   00000008  s_REG_BANK_1                    
C:   00000008  s_SSEG                          
C:   00000009  s_GSINIT1                       
C:   00000009  s_GSINIT2                       
C:   0000000A  l_GSINIT2                       
C:   00000010  s_REG_BANK_2                    
C:   00000013  s_GSINIT3                       
C:   00000018  s_BIT_BANK                      
ASxxxx Linker V03.00 + NoICE + sdld,  page 2.
Hexadecimal  [32-Bits]

Area                                    Addr        Size        Decimal Bytes (Attributes)
--------------------------------        ----        ----        ------- ----- ------------
CABS                                00000000    00000000 =           0. bytes (ABS,CON,CODE)

      Value  Global                              Global Defined In Module
      -----  --------------------------------   ------------------------
C:   00000018  s_OSEG                          
C:   00000018  s_REG_BANK_3                    
C:   00000020  s_BSEG_BYTES                    
C:   00000020  s__CODE                         
C:   00000022  l_GSINIT3                       
C:   0000002A  l_GSINIT4                       
C:   00000035  s_GSINIT4                       
C:   00000039  l_CSEG                          
C:   0000005F  s_GSFINAL                       
C:   0000005F  s_GSINIT                        
C:   0000005F  s_GSINIT5                       
C:   00000062  s_CSEG                          
C:   00000080  l_DSEG                          
C:   0000009B  s_CONST                         
C:   0000009B  s_XINIT                         
C:   000000F8  l_SSEG                          
C:   00000100  l_IRAM                          

ASxxxx Linker V03.00 + NoICE + sdld,  page 3.
Hexadecimal  [32-Bits]

Area                                    Addr        Size        Decimal Bytes (Attributes)
--------------------------------        ----        ----        ------- ----- ------------
.  .ABS.                            00000000    00000000 =           0. bytes (ABS,CON)

      Value  Global                              Global Defined In Module
      -----  --------------------------------   ------------------------
     00000000  .__.ABS.                           _startup
     00000080  _P0                                led
     00000080  _P0_0                              led
     00000081  _P0_1                              led
     00000081  _SP                                led
     00000082  _DPL                               led
     00000082  _P0_2                              led
     00000083  _DPH                               led
     00000083  _P0_3                              led
     00000084  _P0_4                              led
     00000085  _P0_5                              led
     00000086  _P0_6                              led
     00000087  _P0_7                              led
     00000087  _PCON                              led
     00000088  _IT0                               led
     00000088  _TCON                              led
     00000089  _IE0                               led
     00000089  _TMOD                              led
     0000008A  _IT1                               led
     0000008A  _TL0                               led
     0000008B  _IE1                               led
     0000008B  _TL1                               led
     0000008C  _TH0                               led
     0000008C  _TR0                               led
     0000008D  _TF0                               led
     0000008D  _TH1                               led
     0000008E  _AUXR                              led
     0000008E  _TR1                               led
     0000008F  _TF1                               led
     0000008F  _WAKE_CLKO                         led
     00000090  _P1                                led
     00000090  _P1_0                              led
     00000091  _P1M1                              led
     00000091  _P1_1                              led
     00000092  _P1M0                              led
     00000092  _P1_2                              led
     00000093  _P0M1                              led
     00000093  _P1_3                              led
     00000094  _P0M0                              led
     00000094  _P1_4                              led
     00000095  _P1_5                              led
     00000095  _P2M1                              led
     00000096  _P1_6                              led
     00000096  _P2M0                              led
     00000097  _CLK_DIV                           led
     00000097  _P1_7                              led
     00000098  _RI                                led
     00000098  _SCON                              led
     00000099  _SBUF                              led
     00000099  _TI                                led
ASxxxx Linker V03.00 + NoICE + sdld,  page 4.
Hexadecimal  [32-Bits]

Area                                    Addr        Size        Decimal Bytes (Attributes)
--------------------------------        ----        ----        ------- ----- ------------
.  .ABS.                            00000000    00000000 =           0. bytes (ABS,CON)

      Value  Global                              Global Defined In Module
      -----  --------------------------------   ------------------------
     0000009A  _RB8                               led
     0000009A  _S2CON                             led
     0000009B  _S2BUF                             led
     0000009B  _TB8                               led
     0000009C  _BRT                               led
     0000009C  _REN                               led
     0000009D  _P1ASF                             led
     0000009D  _SM2                               led
     0000009E  _SM1                               led
     0000009F  _SM0                               led
     000000A0  _P2                                led
     000000A0  _P2_0                              led
     000000A0  __XPAGE                            
     000000A1  _BUS_SPEED                         led
     000000A1  _P2_1                              led
     000000A2  _AUXR1                             led
     000000A2  _P2_2                              led
     000000A3  _P2_3                              led
     000000A4  _P2_4                              led
     000000A5  _P2_5                              led
     000000A6  _P2_6                              led
     000000A7  _P2_7                              led
     000000A8  _EX0                               led
     000000A8  _IE                                led
     000000A9  _ET0                               led
     000000A9  _SADDR                             led
     000000AA  _EX1                               led
     000000AB  _ET1                               led
     000000AC  _ES                                led
     000000AD  _EADC                              led
     000000AE  _ELVD                              led
     000000AF  _EA                                led
     000000AF  _IE2                               led
     000000B0  _P3                                led
     000000B0  _P3_0                              led
     000000B0  _RXD                               led
     000000B1  _P3M1                              led
     000000B1  _P3_1                              led
     000000B1  _TXD                               led
     000000B2  _INT0                              led
     000000B2  _P3M0                              led
     000000B2  _P3_2                              led
     000000B3  _INT1                              led
     000000B3  _P3_3                              led
     000000B3  _P4M1                              led
     000000B4  _P3_4                              led
     000000B4  _P4M0                              led
     000000B4  _T0                                led
     000000B5  _IP2                               led
     000000B5  _P3_5                              led
     000000B5  _T1                                led
ASxxxx Linker V03.00 + NoICE + sdld,  page 5.
Hexadecimal  [32-Bits]

Area                                    Addr        Size        Decimal Bytes (Attributes)
--------------------------------        ----        ----        ------- ----- ------------
.  .ABS.                            00000000    00000000 =           0. bytes (ABS,CON)

      Value  Global                              Global Defined In Module
      -----  --------------------------------   ------------------------
     000000B6  _IP2H                              led
     000000B6  _P3_6                              led
     000000B6  _WR                                led
     000000B7  _IPH                               led
     000000B7  _P3_7                              led
     000000B7  _RD                                led
     000000B8  _IP                                led
     000000B8  _PX0                               led
     000000B9  _PT0                               led
     000000B9  _SADEN                             led
     000000BA  _PX1                               led
     000000BB  _P4SW                              led
     000000BB  _PT1                               led
     000000BC  _ADC_CONTR                         led
     000000BC  _PS                                led
     000000BD  _ADC_RES                           led
     000000BD  _PADC                              led
     000000BE  _ADC_RESL                          led
     000000BE  _PLVD                              led
     000000BF  _PPCA                              led
     000000C0  _P4                                led
     000000C0  _P4_0                              led
     000000C1  _P4_1                              led
     000000C1  _WDT_CONTR                         led
     000000C2  _IAP_DATA                          led
     000000C2  _P4_2                              led
     000000C3  _IAP_ADDRH                         led
     000000C3  _P4_3                              led
     000000C4  _IAP_ADDRL                         led
     000000C4  _P4_4                              led
     000000C5  _IAP_CMD                           led
     000000C5  _P4_5                              led
     000000C6  _IAP_TRIG                          led
     000000C6  _P4_6                              led
     000000C7  _IAP_CONTR                         led
     000000C7  _P4_7                              led
     000000C8  _P5                                led
     000000C8  _P5_0                              led
     000000C9  _P5M1                              led
     000000C9  _P5_1                              led
     000000CA  _P5M0                              led
     000000CA  _P5_2                              led
     000000CB  _P5_3                              led
     000000CD  _SPSTAT                            led
     000000CE  _SPCTL                             led
     000000CF  _SPDAT                             led
     000000D0  _P                                 led
     000000D0  _PSW                               led
     000000D1  _F1                                led
     000000D2  _OV                                led
     000000D3  _RS0                               led
ASxxxx Linker V03.00 + NoICE + sdld,  page 6.
Hexadecimal  [32-Bits]

Area                                    Addr        Size        Decimal Bytes (Attributes)
--------------------------------        ----        ----        ------- ----- ------------
.  .ABS.                            00000000    00000000 =           0. bytes (ABS,CON)

      Value  Global                              Global Defined In Module
      -----  --------------------------------   ------------------------
     000000D4  _RS1                               led
     000000D5  _F0                                led
     000000D6  _AC                                led
     000000D7  _CY                                led
     000000D8  _CCF0                              led
     000000D8  _CCON                              led
     000000D9  _CCF1                              led
     000000D9  _CMOD                              led
     000000DA  _CCAPM0                            led
     000000DB  _CCAPM1                            led
     000000DE  _CR                                led
     000000DF  _CF                                led
     000000E0  _ACC                               led
     000000E9  _CL                                led
     000000EA  _CCAP0L                            led
     000000EB  _CCAP1L                            led
     000000F0  _B                                 led
     000000F2  _PCA_PWM0                          led
     000000F3  _PCA_PWM1                          led
     000000F9  _CH                                led
     000000FA  _CCAP0H                            led
     000000FB  _CCAP1H                            led
ASxxxx Linker V03.00 + NoICE + sdld,  page 7.
Hexadecimal  [32-Bits]

Area                                    Addr        Size        Decimal Bytes (Attributes)
--------------------------------        ----        ----        ------- ----- ------------
REG_BANK_0                          00000000    00000008 =           8. bytes (REL,OVR)

      Value  Global                              Global Defined In Module
      -----  --------------------------------   ------------------------
ASxxxx Linker V03.00 + NoICE + sdld,  page 8.
Hexadecimal  [32-Bits]

Area                                    Addr        Size        Decimal Bytes (Attributes)
--------------------------------        ----        ----        ------- ----- ------------
DSEG                                00000000    00000080 =         128. bytes (REL,CON)

      Value  Global                              Global Defined In Module
      -----  --------------------------------   ------------------------
ASxxxx Linker V03.00 + NoICE + sdld,  page 9.
Hexadecimal  [32-Bits]

Area                                    Addr        Size        Decimal Bytes (Attributes)
--------------------------------        ----        ----        ------- ----- ------------
SSEG                                00000008    000000F8 =         248. bytes (REL,OVR)

      Value  Global                              Global Defined In Module
      -----  --------------------------------   ------------------------
     00000008  __start__stack                     led

ASxxxx Linker V03.00 + NoICE + sdld,  page 10.
Hexadecimal  [32-Bits]

Area                                    Addr        Size        Decimal Bytes (Attributes)
--------------------------------        ----        ----        ------- ----- ------------
HOME                                00000000    00000006 =           6. bytes (REL,CON,CODE)

      Value  Global                              Global Defined In Module
      -----  --------------------------------   ------------------------
C:   00000003  __sdcc_program_startup             led

ASxxxx Linker V03.00 + NoICE + sdld,  page 11.
Hexadecimal  [32-Bits]

Area                                    Addr        Size        Decimal Bytes (Attributes)
--------------------------------        ----        ----        ------- ----- ------------
GSINIT0                             00000006    00000003 =           3. bytes (REL,CON,CODE)

      Value  Global                              Global Defined In Module
      -----  --------------------------------   ------------------------
C:   00000006  __sdcc_gsinit_startup              

ASxxxx Linker V03.00 + NoICE + sdld,  page 12.
Hexadecimal  [32-Bits]

Area                                    Addr        Size        Decimal Bytes (Attributes)
--------------------------------        ----        ----        ------- ----- ------------
GSINIT2                             00000009    0000000A =          10. bytes (REL,CON,CODE)

      Value  Global                              Global Defined In Module
      -----  --------------------------------   ------------------------
ASxxxx Linker V03.00 + NoICE + sdld,  page 13.
Hexadecimal  [32-Bits]

Area                                    Addr        Size        Decimal Bytes (Attributes)
--------------------------------        ----        ----        ------- ----- ------------
GSINIT3                             00000013    00000022 =          34. bytes (REL,CON,CODE)

      Value  Global                              Global Defined In Module
      -----  --------------------------------   ------------------------
C:   00000013  __mcs51_genXINIT                   

ASxxxx Linker V03.00 + NoICE + sdld,  page 14.
Hexadecimal  [32-Bits]

Area                                    Addr        Size        Decimal Bytes (Attributes)
--------------------------------        ----        ----        ------- ----- ------------
GSINIT4                             00000035    0000002A =          42. bytes (REL,CON,CODE)

      Value  Global                              Global Defined In Module
      -----  --------------------------------   ------------------------
C:   00000035  __mcs51_genRAMCLEAR                
C:   0000003B  __mcs51_genXRAMCLEAR               

ASxxxx Linker V03.00 + NoICE + sdld,  page 15.
Hexadecimal  [32-Bits]

Area                                    Addr        Size        Decimal Bytes (Attributes)
--------------------------------        ----        ----        ------- ----- ------------
GSFINAL                             0000005F    00000003 =           3. bytes (REL,CON,CODE)

      Value  Global                              Global Defined In Module
      -----  --------------------------------   ------------------------
ASxxxx Linker V03.00 + NoICE + sdld,  page 16.
Hexadecimal  [32-Bits]

Area                                    Addr        Size        Decimal Bytes (Attributes)
--------------------------------        ----        ----        ------- ----- ------------
CSEG                                00000062    00000039 =          57. bytes (REL,CON,CODE)

      Value  Global                              Global Defined In Module
      -----  --------------------------------   ------------------------
C:   00000062  _delay                             led
C:   0000008B  _main                              led
C:   00000097  __sdcc_external_startup            _startup
ASxxxx Linker V03.00 + NoICE + sdld,  page 17.

Files Linked                              [ module(s) ]

led.rel                                   [  ]


Libraries Linked                          [ object file ]

/usr/bin/../share/sdcc/lib/small/mcs51.lib
                                          [ crtclear.rel ]
/usr/bin/../share/sdcc/lib/small/mcs51.lib
                                          [ crtxinit.rel ]
/usr/bin/../share/sdcc/lib/small/mcs51.lib
                                          [ crtxclear.rel ]
/usr/bin/../share/sdcc/lib/small/mcs51.lib
                                          [ crtpagesfr.rel ]
/usr/bin/../share/sdcc/lib/small/mcs51.lib
                                          [ crtstart.rel ]
/usr/bin/../share/sdcc/lib/small/libsdcc.lib
                                          [ _startup.rel ]

ASxxxx Linker V03.00 + NoICE + sdld,  page 18.

User Base Address Definitions

HOME = 0x0000
XSEG = 0x0001
PSEG = 0x0001
ISEG = 0x0000
BSEG = 0x0000

