ASxxxx Linker V03.00 + NoICE + sdld,  page 1.
Hexadecimal  [32-Bits]

Area                                    Addr        Size        Decimal Bytes (Attributes)
--------------------------------        ----        ----        ------- ----- ------------
CABS                                00000000    00000000 =           0. bytes (ABS,CON,CODE)

      Value  Global                              Global Defined In Module
      -----  --------------------------------   ------------------------
C:   00000000  l_BIT_BANK                      
C:   00000000  l_BSEG                          
C:   00000000  l_BSEG_BYTES                    
C:   00000000  l_CABS                          
C:   00000000  l_CONST                         
C:   00000000  l_GSINIT                        
C:   00000000  l_GSINIT1                       
C:   00000000  l_GSINIT5                       
C:   00000000  l_IABS                          
C:   00000000  l_ISEG                          
C:   00000000  l_OSEG                          
C:   00000000  l_PSEG                          
C:   00000000  l_REG_BANK_1                    
C:   00000000  l_REG_BANK_2                    
C:   00000000  l_REG_BANK_3                    
C:   00000000  l_RSEG                          
C:   00000000  l_RSEG0                         
C:   00000000  l_RSEG1                         
C:   00000000  l_XABS                          
C:   00000000  l_XINIT                         
C:   00000000  l_XISEG                         
C:   00000000  l_XSEG                          
C:   00000000  l__CODE                         
C:   00000000  s_BSEG                          
C:   00000000  s_CABS                          
C:   00000000  s_DSEG                          
C:   00000000  s_HOME                          
C:   00000000  s_IABS                          
C:   00000000  s_ISEG                          
C:   00000000  s_REG_BANK_0                    
C:   00000000  s_RSEG                          
C:   00000000  s_RSEG0                         
C:   00000000  s_RSEG1                         
C:   00000000  s_XABS                          
C:   00000001  s_PSEG                          
C:   00000001  s_XISEG                         
C:   00000001  s_XSEG                          
C:   00000003  l_GSFINAL                       
C:   00000003  l_GSINIT0                       
C:   00000006  l_HOME                          
C:   00000006  s_GSINIT0                       
C:   00000008  l_REG_BANK_0                    
C:   00000008  s_REG_BANK_1                    
C:   00000008  s_SSEG                          
C:   00000009  s_GSINIT1                       
C:   00000009  s_GSINIT2                       
C:   0000000A  l_GSINIT2                       
C:   00000010  s_REG_BANK_2                    
C:   00000013  s_GSINIT3                       
C:   00000018  s_BIT_BANK                      
ASxxxx Linker V03.00 + NoICE + sdld,  page 2.
Hexadecimal  [32-Bits]

Area                                    Addr        Size        Decimal Bytes (Attributes)
--------------------------------        ----        ----        ------- ----- ------------
CABS                                00000000    00000000 =           0. bytes (ABS,CON,CODE)

      Value  Global                              Global Defined In Module
      -----  --------------------------------   ------------------------
C:   00000018  s_OSEG                          
C:   00000018  s_REG_BANK_3                    
C:   00000020  s_BSEG_BYTES                    
C:   00000020  s__CODE                         
C:   00000022  l_GSINIT3                       
C:   0000002A  l_GSINIT4                       
C:   00000035  s_GSINIT4                       
C:   0000003F  l_CSEG                          
C:   0000005F  s_GSFINAL                       
C:   0000005F  s_GSINIT                        
C:   0000005F  s_GSINIT5                       
C:   00000062  s_CSEG                          
C:   00000080  l_DSEG                          
C:   000000A1  s_CONST                         
C:   000000A1  s_XINIT                         
C:   000000F8  l_SSEG                          
C:   00000100  l_IRAM                          

ASxxxx Linker V03.00 + NoICE + sdld,  page 3.
Hexadecimal  [32-Bits]

Area                                    Addr        Size        Decimal Bytes (Attributes)
--------------------------------        ----        ----        ------- ----- ------------
.  .ABS.                            00000000    00000000 =           0. bytes (ABS,CON)

      Value  Global                              Global Defined In Module
      -----  --------------------------------   ------------------------
     00000000  .__.ABS.                           _startup
     00000080  _P0                                led2
     00000080  _P00                               led2
     00000081  _P01                               led2
     00000081  _SP                                led2
     00000082  _DPL                               led2
     00000082  _P02                               led2
     00000083  _DPH                               led2
     00000083  _P03                               led2
     00000084  _P04                               led2
     00000084  _S4CON                             led2
     00000085  _P05                               led2
     00000085  _S4BUF                             led2
     00000086  _P06                               led2
     00000087  _P07                               led2
     00000087  _PCON                              led2
     00000088  _IT0                               led2
     00000088  _TCON                              led2
     00000089  _IE0                               led2
     00000089  _TMOD                              led2
     0000008A  _IT1                               led2
     0000008A  _RL_TL0                            led2
     0000008A  _TL0                               led2
     0000008B  _IE1                               led2
     0000008B  _RL_TL1                            led2
     0000008B  _TL1                               led2
     0000008C  _RL_TH0                            led2
     0000008C  _TH0                               led2
     0000008C  _TR0                               led2
     0000008D  _RL_TH1                            led2
     0000008D  _TF0                               led2
     0000008D  _TH1                               led2
     0000008E  _AUXR                              led2
     0000008E  _TR1                               led2
     0000008F  _AUXR2                             led2
     0000008F  _INT_CLKO                          led2
     0000008F  _TF1                               led2
     0000008F  _WAKE_CLKO                         led2
     00000090  _CCP1                              led2
     00000090  _P1                                led2
     00000090  _P10                               led2
     00000090  _RXD2                              led2
     00000091  _CCP0                              led2
     00000091  _P11                               led2
     00000091  _P1M1                              led2
     00000091  _TXD2                              led2
     00000092  _P12                               led2
     00000092  _P1M0                              led2
     00000092  _SPI_SS                            led2
     00000093  _P0M1                              led2
ASxxxx Linker V03.00 + NoICE + sdld,  page 4.
Hexadecimal  [32-Bits]

Area                                    Addr        Size        Decimal Bytes (Attributes)
--------------------------------        ----        ----        ------- ----- ------------
.  .ABS.                            00000000    00000000 =           0. bytes (ABS,CON)

      Value  Global                              Global Defined In Module
      -----  --------------------------------   ------------------------
     00000093  _P13                               led2
     00000093  _SPI_MOSI                          led2
     00000094  _P0M0                              led2
     00000094  _P14                               led2
     00000094  _SPI_MISO                          led2
     00000095  _P15                               led2
     00000095  _P2M1                              led2
     00000095  _SPI_SCLK                          led2
     00000096  _P16                               led2
     00000096  _P2M0                              led2
     00000097  _CLK_DIV                           led2
     00000097  _P17                               led2
     00000097  _PCON2                             led2
     00000098  _RI                                led2
     00000098  _SCON                              led2
     00000099  _SBUF                              led2
     00000099  _TI                                led2
     0000009A  _RB8                               led2
     0000009A  _S2CON                             led2
     0000009B  _S2BUF                             led2
     0000009B  _TB8                               led2
     0000009C  _REN                               led2
     0000009D  _P1ASF                             led2
     0000009D  _SM2                               led2
     0000009E  _SM1                               led2
     0000009F  _SM0                               led2
     000000A0  _P2                                led2
     000000A0  _P20                               led2
     000000A0  __XPAGE                            
     000000A1  _BUS_SPEED                         led2
     000000A1  _P21                               led2
     000000A2  _AUXR1                             led2
     000000A2  _P22                               led2
     000000A2  _P_SW1                             led2
     000000A3  _P23                               led2
     000000A4  _P24                               led2
     000000A5  _P25                               led2
     000000A6  _P26                               led2
     000000A7  _P27                               led2
     000000A8  _EX0                               led2
     000000A8  _IE                                led2
     000000A9  _ET0                               led2
     000000A9  _SADDR                             led2
     000000AA  _EX1                               led2
     000000AA  _WKTCL                             led2
     000000AB  _ET1                               led2
     000000AB  _WKTCH                             led2
     000000AC  _ES                                led2
     000000AC  _S3CON                             led2
     000000AD  _EADC                              led2
     000000AD  _S3BUF                             led2
ASxxxx Linker V03.00 + NoICE + sdld,  page 5.
Hexadecimal  [32-Bits]

Area                                    Addr        Size        Decimal Bytes (Attributes)
--------------------------------        ----        ----        ------- ----- ------------
.  .ABS.                            00000000    00000000 =           0. bytes (ABS,CON)

      Value  Global                              Global Defined In Module
      -----  --------------------------------   ------------------------
     000000AE  _ELVD                              led2
     000000AF  _EA                                led2
     000000AF  _IE2                               led2
     000000B0  _P3                                led2
     000000B0  _P30                               led2
     000000B0  _RXD                               led2
     000000B1  _P31                               led2
     000000B1  _P3M1                              led2
     000000B1  _TXD                               led2
     000000B2  _INT0                              led2
     000000B2  _P32                               led2
     000000B2  _P3M0                              led2
     000000B3  _INT1                              led2
     000000B3  _P33                               led2
     000000B3  _P4M1                              led2
     000000B4  _CLKOUT1                           led2
     000000B4  _P34                               led2
     000000B4  _P4M0                              led2
     000000B4  _T0                                led2
     000000B5  _CLKOUT0                           led2
     000000B5  _IP2                               led2
     000000B5  _P35                               led2
     000000B5  _T1                                led2
     000000B6  _IPH2                              led2
     000000B6  _P36                               led2
     000000B6  _WR                                led2
     000000B7  _CCP2                              led2
     000000B7  _IPH                               led2
     000000B7  _P37                               led2
     000000B7  _RD                                led2
     000000B8  _IP                                led2
     000000B8  _PX0                               led2
     000000B9  _PT0                               led2
     000000B9  _SADEN                             led2
     000000BA  _PX1                               led2
     000000BA  _P_SW2                             led2
     000000BB  _PT1                               led2
     000000BC  _ADC_CONTR                         led2
     000000BC  _PS                                led2
     000000BD  _ADC_RES                           led2
     000000BD  _PADC                              led2
     000000BE  _ADC_RESL                          led2
     000000BE  _PLVD                              led2
     000000BF  _PPCA                              led2
     000000C0  _P4                                led2
     000000C0  _P40                               led2
     000000C1  _P41                               led2
     000000C1  _WDT_CONTR                         led2
     000000C2  _IAP_DATA                          led2
     000000C2  _ISP_DATA                          led2
     000000C2  _P42                               led2
ASxxxx Linker V03.00 + NoICE + sdld,  page 6.
Hexadecimal  [32-Bits]

Area                                    Addr        Size        Decimal Bytes (Attributes)
--------------------------------        ----        ----        ------- ----- ------------
.  .ABS.                            00000000    00000000 =           0. bytes (ABS,CON)

      Value  Global                              Global Defined In Module
      -----  --------------------------------   ------------------------
     000000C3  _IAP_ADDRH                         led2
     000000C3  _ISP_ADDRH                         led2
     000000C3  _P43                               led2
     000000C4  _IAP_ADDRL                         led2
     000000C4  _ISP_ADDRL                         led2
     000000C4  _P44                               led2
     000000C5  _IAP_CMD                           led2
     000000C5  _ISP_CMD                           led2
     000000C5  _P45                               led2
     000000C6  _IAP_TRIG                          led2
     000000C6  _ISP_TRIG                          led2
     000000C6  _P46                               led2
     000000C7  _IAP_CONTR                         led2
     000000C7  _ISP_CONTR                         led2
     000000C7  _P47                               led2
     000000C8  _P5                                led2
     000000C8  _P50                               led2
     000000C9  _P51                               led2
     000000C9  _P5M1                              led2
     000000CA  _P52                               led2
     000000CA  _P5M0                              led2
     000000CB  _P53                               led2
     000000CB  _P6M1                              led2
     000000CC  _P54                               led2
     000000CC  _P6M0                              led2
     000000CD  _P55                               led2
     000000CD  _SPSTAT                            led2
     000000CE  _P56                               led2
     000000CE  _SPCTL                             led2
     000000CF  _P57                               led2
     000000CF  _SPDAT                             led2
     000000D0  _P                                 led2
     000000D0  _PSW                               led2
     000000D1  _F1                                led2
     000000D1  _T4T3M                             led2
     000000D2  _OV                                led2
     000000D2  _RL_T4H                            led2
     000000D2  _T4H                               led2
     000000D2  _TH4                               led2
     000000D3  _RL_T4L                            led2
     000000D3  _RS0                               led2
     000000D3  _T4L                               led2
     000000D3  _TL4                               led2
     000000D4  _RL_T3H                            led2
     000000D4  _RS1                               led2
     000000D4  _T3H                               led2
     000000D4  _TH3                               led2
     000000D5  _F0                                led2
     000000D5  _RL_T3L                            led2
     000000D5  _T3L                               led2
     000000D5  _TL3                               led2
ASxxxx Linker V03.00 + NoICE + sdld,  page 7.
Hexadecimal  [32-Bits]

Area                                    Addr        Size        Decimal Bytes (Attributes)
--------------------------------        ----        ----        ------- ----- ------------
.  .ABS.                            00000000    00000000 =           0. bytes (ABS,CON)

      Value  Global                              Global Defined In Module
      -----  --------------------------------   ------------------------
     000000D6  _AC                                led2
     000000D6  _RL_T2H                            led2
     000000D6  _T2H                               led2
     000000D6  _TH2                               led2
     000000D7  _CY                                led2
     000000D7  _RL_T2L                            led2
     000000D7  _T2L                               led2
     000000D7  _TL2                               led2
     000000D8  _CCF0                              led2
     000000D8  _CCON                              led2
     000000D9  _CCF1                              led2
     000000D9  _CMOD                              led2
     000000DA  _CCAPM0                            led2
     000000DA  _CCF2                              led2
     000000DB  _CCAPM1                            led2
     000000DC  _CCAPM2                            led2
     000000DE  _CR                                led2
     000000DF  _CF                                led2
     000000E0  _ACC                               led2
     000000E0  _ACC0                              led2
     000000E1  _ACC1                              led2
     000000E1  _P7M1                              led2
     000000E2  _ACC2                              led2
     000000E2  _P7M0                              led2
     000000E3  _ACC3                              led2
     000000E4  _ACC4                              led2
     000000E5  _ACC5                              led2
     000000E6  _ACC6                              led2
     000000E6  _CMPCR1                            led2
     000000E7  _ACC7                              led2
     000000E7  _CMPCR2                            led2
     000000E8  _P6                                led2
     000000E9  _CL                                led2
     000000EA  _CCAP0L                            led2
     000000EB  _CCAP1L                            led2
     000000EC  _CCAP2L                            led2
     000000F0  _B                                 led2
     000000F0  _B0                                led2
     000000F1  _B1                                led2
     000000F2  _B2                                led2
     000000F2  _PCA_PWM0                          led2
     000000F3  _B3                                led2
     000000F3  _PCA_PWM1                          led2
     000000F4  _B4                                led2
     000000F4  _PCA_PWM2                          led2
     000000F5  _B5                                led2
     000000F6  _B6                                led2
     000000F7  _B7                                led2
     000000F8  _P7                                led2
     000000F9  _CH                                led2
     000000FA  _CCAP0H                            led2
ASxxxx Linker V03.00 + NoICE + sdld,  page 8.
Hexadecimal  [32-Bits]

Area                                    Addr        Size        Decimal Bytes (Attributes)
--------------------------------        ----        ----        ------- ----- ------------
.  .ABS.                            00000000    00000000 =           0. bytes (ABS,CON)

      Value  Global                              Global Defined In Module
      -----  --------------------------------   ------------------------
     000000FB  _CCAP1H                            led2
     000000FC  _CCAP2H                            led2

ASxxxx Linker V03.00 + NoICE + sdld,  page 9.
Hexadecimal  [32-Bits]

Area                                    Addr        Size        Decimal Bytes (Attributes)
--------------------------------        ----        ----        ------- ----- ------------
REG_BANK_0                          00000000    00000008 =           8. bytes (REL,OVR)

      Value  Global                              Global Defined In Module
      -----  --------------------------------   ------------------------
ASxxxx Linker V03.00 + NoICE + sdld,  page 10.
Hexadecimal  [32-Bits]

Area                                    Addr        Size        Decimal Bytes (Attributes)
--------------------------------        ----        ----        ------- ----- ------------
DSEG                                00000000    00000080 =         128. bytes (REL,CON)

      Value  Global                              Global Defined In Module
      -----  --------------------------------   ------------------------
ASxxxx Linker V03.00 + NoICE + sdld,  page 11.
Hexadecimal  [32-Bits]

Area                                    Addr        Size        Decimal Bytes (Attributes)
--------------------------------        ----        ----        ------- ----- ------------
SSEG                                00000008    000000F8 =         248. bytes (REL,OVR)

      Value  Global                              Global Defined In Module
      -----  --------------------------------   ------------------------
     00000008  __start__stack                     led2

ASxxxx Linker V03.00 + NoICE + sdld,  page 12.
Hexadecimal  [32-Bits]

Area                                    Addr        Size        Decimal Bytes (Attributes)
--------------------------------        ----        ----        ------- ----- ------------
HOME                                00000000    00000006 =           6. bytes (REL,CON,CODE)

      Value  Global                              Global Defined In Module
      -----  --------------------------------   ------------------------
C:   00000003  __sdcc_program_startup             led2

ASxxxx Linker V03.00 + NoICE + sdld,  page 13.
Hexadecimal  [32-Bits]

Area                                    Addr        Size        Decimal Bytes (Attributes)
--------------------------------        ----        ----        ------- ----- ------------
GSINIT0                             00000006    00000003 =           3. bytes (REL,CON,CODE)

      Value  Global                              Global Defined In Module
      -----  --------------------------------   ------------------------
C:   00000006  __sdcc_gsinit_startup              

ASxxxx Linker V03.00 + NoICE + sdld,  page 14.
Hexadecimal  [32-Bits]

Area                                    Addr        Size        Decimal Bytes (Attributes)
--------------------------------        ----        ----        ------- ----- ------------
GSINIT2                             00000009    0000000A =          10. bytes (REL,CON,CODE)

      Value  Global                              Global Defined In Module
      -----  --------------------------------   ------------------------
ASxxxx Linker V03.00 + NoICE + sdld,  page 15.
Hexadecimal  [32-Bits]

Area                                    Addr        Size        Decimal Bytes (Attributes)
--------------------------------        ----        ----        ------- ----- ------------
GSINIT3                             00000013    00000022 =          34. bytes (REL,CON,CODE)

      Value  Global                              Global Defined In Module
      -----  --------------------------------   ------------------------
C:   00000013  __mcs51_genXINIT                   

ASxxxx Linker V03.00 + NoICE + sdld,  page 16.
Hexadecimal  [32-Bits]

Area                                    Addr        Size        Decimal Bytes (Attributes)
--------------------------------        ----        ----        ------- ----- ------------
GSINIT4                             00000035    0000002A =          42. bytes (REL,CON,CODE)

      Value  Global                              Global Defined In Module
      -----  --------------------------------   ------------------------
C:   00000035  __mcs51_genRAMCLEAR                
C:   0000003B  __mcs51_genXRAMCLEAR               

ASxxxx Linker V03.00 + NoICE + sdld,  page 17.
Hexadecimal  [32-Bits]

Area                                    Addr        Size        Decimal Bytes (Attributes)
--------------------------------        ----        ----        ------- ----- ------------
GSFINAL                             0000005F    00000003 =           3. bytes (REL,CON,CODE)

      Value  Global                              Global Defined In Module
      -----  --------------------------------   ------------------------
ASxxxx Linker V03.00 + NoICE + sdld,  page 18.
Hexadecimal  [32-Bits]

Area                                    Addr        Size        Decimal Bytes (Attributes)
--------------------------------        ----        ----        ------- ----- ------------
CSEG                                00000062    0000003F =          63. bytes (REL,CON,CODE)

      Value  Global                              Global Defined In Module
      -----  --------------------------------   ------------------------
C:   00000062  _delay                             led2
C:   0000008B  _main                              led2
C:   0000009D  __sdcc_external_startup            _startup
ASxxxx Linker V03.00 + NoICE + sdld,  page 19.

Files Linked                              [ module(s) ]

led2.rel                                  [  ]


Libraries Linked                          [ object file ]

/usr/bin/../share/sdcc/lib/small/mcs51.lib
                                          [ crtclear.rel ]
/usr/bin/../share/sdcc/lib/small/mcs51.lib
                                          [ crtxinit.rel ]
/usr/bin/../share/sdcc/lib/small/mcs51.lib
                                          [ crtxclear.rel ]
/usr/bin/../share/sdcc/lib/small/mcs51.lib
                                          [ crtpagesfr.rel ]
/usr/bin/../share/sdcc/lib/small/mcs51.lib
                                          [ crtstart.rel ]
/usr/bin/../share/sdcc/lib/small/libsdcc.lib
                                          [ _startup.rel ]

ASxxxx Linker V03.00 + NoICE + sdld,  page 20.

User Base Address Definitions

HOME = 0x0000
XSEG = 0x0001
PSEG = 0x0001
ISEG = 0x0000
BSEG = 0x0000

